#-----------------------------------------------------------
# Vivado v2018.3 (64-bit)
# SW Build 2405991 on Thu Dec  6 23:38:27 MST 2018
# IP Build 2404404 on Fri Dec  7 01:43:56 MST 2018
# Start of session at: Tue Dec 20 15:14:29 2022
# Process ID: 15612
# Current directory: C:/Project/ProgramCounter
# Command line: vivado.exe -gui_launcher_event rodinguilauncherevent2732 C:\Project\ProgramCounter\ProgramCounter.xpr
# Log file: C:/Project/ProgramCounter/vivado.log
# Journal file: C:/Project/ProgramCounter\vivado.jou
#-----------------------------------------------------------
start_gui
open_project C:/Project/ProgramCounter/ProgramCounter.xpr
update_compile_order -fileset sources_1
add_files -norecurse C:/Project/reg_file.v
update_compile_order -fileset sources_1
export_ip_user_files -of_objects  [get_files C:/Project/reg_file.v] -no_script -reset -force -quiet
remove_files  C:/Project/reg_file.v
add_files -norecurse C:/Project/ProgramCounter/ProgramCounter.srcs/sources_1/new/reg_file.v
update_compile_order -fileset sources_1
add_files -norecurse C:/Project/ProgramCounter/ProgramCounter.srcs/sources_1/new/reg_ex.data
launch_simulation
source tb.tcl
close_sim
launch_simulation
launch_simulation
launch_simulation
